09:27:43 **** Incremental Build of configuration Debug for project dashboard-board_CM4 ****
make -j16 all 
arm-none-eabi-gcc "../Gas_Scheduler/gas_scheduler.c" -mcpu=cortex-m4 -std=gnu11 -g3 -DDEBUG -DCORE_CM4 -DUSE_HAL_DRIVER -DSTM32H745xx -DUSE_PWR_SMPS_1V8_SUPPLIES_EXT -DLV_CONF_INCLUDE_SIMPLE -c -I../Core/Inc -I../../Drivers/STM32H7xx_HAL_Driver/Inc -I../../Drivers/STM32H7xx_HAL_Driver/Inc/Legacy -I../../Drivers/CMSIS/Device/ST/STM32H7xx/Include -I../../Drivers/CMSIS/Include -I../Drivers/BSP/Components/Common -I../Drivers/BSP/Components/mt48lc4m32b2 -I../Drivers/BSP/Components/rk043fn48h -I../Gas_Features/Gas_Mdma -I../Gas_Features/Gas_Sdram -I../Gas_Porting/Gas_Lvgl -I../Gas_Scheduler -I../Open_Src -I../Open_Src/lvgl -O0 -ffunction-sections -fdata-sections -Wall -fstack-usage -fcyclomatic-complexity -MMD -MP -MF"Gas_Scheduler/gas_scheduler.d" -MT"Gas_Scheduler/gas_scheduler.o" --specs=nano.specs -mfpu=fpv4-sp-d16 -mfloat-abi=hard -mthumb -o "Gas_Scheduler/gas_scheduler.o"
arm-none-eabi-gcc "../Core/Src/main.c" -mcpu=cortex-m4 -std=gnu11 -g3 -DDEBUG -DCORE_CM4 -DUSE_HAL_DRIVER -DSTM32H745xx -DUSE_PWR_SMPS_1V8_SUPPLIES_EXT -DLV_CONF_INCLUDE_SIMPLE -c -I../Core/Inc -I../../Drivers/STM32H7xx_HAL_Driver/Inc -I../../Drivers/STM32H7xx_HAL_Driver/Inc/Legacy -I../../Drivers/CMSIS/Device/ST/STM32H7xx/Include -I../../Drivers/CMSIS/Include -I../Drivers/BSP/Components/Common -I../Drivers/BSP/Components/mt48lc4m32b2 -I../Drivers/BSP/Components/rk043fn48h -I../Gas_Features/Gas_Mdma -I../Gas_Features/Gas_Sdram -I../Gas_Porting/Gas_Lvgl -I../Gas_Scheduler -I../Open_Src -I../Open_Src/lvgl -O0 -ffunction-sections -fdata-sections -Wall -fstack-usage -fcyclomatic-complexity -MMD -MP -MF"Core/Src/main.d" -MT"Core/Src/main.o" --specs=nano.specs -mfpu=fpv4-sp-d16 -mfloat-abi=hard -mthumb -o "Core/Src/main.o"
../Gas_Scheduler/gas_scheduler.c: In function 'GAS_SCHEDULER_Run':
../Gas_Scheduler/gas_scheduler.c:70:41: warning: value computed is not used [-Wunused-value]
   70 |                 scheduler_flag.flag_lms == false;
      |                                         ^
../Gas_Scheduler/gas_scheduler.c:75:42: warning: value computed is not used [-Wunused-value]
   75 |                 scheduler_flag.flag_l0ms == false;
      |                                          ^
../Gas_Scheduler/gas_scheduler.c:80:43: warning: value computed is not used [-Wunused-value]
   80 |                 scheduler_flag.flag_l00ms == false;
      |                                           ^
../Gas_Scheduler/gas_scheduler.c:86:40: warning: value computed is not used [-Wunused-value]
   86 |                 scheduler_flag.flag_ls == false;
      |                                        ^
arm-none-eabi-gcc -o "dashboard-board_CM4.elf" @"objects.list"   -mcpu=cortex-m4 -T"C:\Users\82104\Desktop\dashboard\dashboard-board\CM4\STM32H745XIHX_FLASH.ld" --specs=nosys.specs -Wl,-Map="dashboard-board_CM4.map" -Wl,--gc-sections -static --specs=nano.specs -mfpu=fpv4-sp-d16 -mfloat-abi=hard -mthumb -Wl,--start-group -lc -lm -Wl,--end-group
C:/ST/STM32CubeIDE_1.17.0/STM32CubeIDE/plugins/com.st.stm32cube.ide.mcu.externaltools.gnu-tools-for-stm32.12.3.rel1.win32_1.1.0.202410251130/tools/bin/../lib/gcc/arm-none-eabi/12.3.1/../../../../arm-none-eabi/bin/ld.exe: C:/ST/STM32CubeIDE_1.17.0/STM32CubeIDE/plugins/com.st.stm32cube.ide.mcu.externaltools.gnu-tools-for-stm32.12.3.rel1.win32_1.1.0.202410251130/tools/bin/../lib/gcc/arm-none-eabi/12.3.1/../../../../arm-none-eabi/lib/thumb/v7e-m+fp/hard\libc_nano.a(libc_a-gettimeofdayr.o): in function `_gettimeofday_r':
(.text._gettimeofday_r+0xe): warning: _gettimeofday is not implemented and will always fail
Finished building target: dashboard-board_CM4.elf
 
arm-none-eabi-size  dashboard-board_CM4.elf 
arm-none-eabi-objdump -h -S dashboard-board_CM4.elf  > "dashboard-board_CM4.list"
   text	   data	    bss	    dec	    hex	filename
 302908	    320	   3600	 306828	  4ae8c	dashboard-board_CM4.elf
Finished building: default.size.stdout
 
Finished building: dashboard-board_CM4.list
 
09:28:35 **** Incremental Build of configuration Debug for project dashboard-board_CM4 ****
make -j16 all 
arm-none-eabi-gcc "../Gas_Scheduler/gas_scheduler.c" -mcpu=cortex-m4 -std=gnu11 -g3 -DDEBUG -DCORE_CM4 -DUSE_HAL_DRIVER -DSTM32H745xx -DUSE_PWR_SMPS_1V8_SUPPLIES_EXT -DLV_CONF_INCLUDE_SIMPLE -c -I../Core/Inc -I../../Drivers/STM32H7xx_HAL_Driver/Inc -I../../Drivers/STM32H7xx_HAL_Driver/Inc/Legacy -I../../Drivers/CMSIS/Device/ST/STM32H7xx/Include -I../../Drivers/CMSIS/Include -I../Drivers/BSP/Components/Common -I../Drivers/BSP/Components/mt48lc4m32b2 -I../Drivers/BSP/Components/rk043fn48h -I../Gas_Features/Gas_Mdma -I../Gas_Features/Gas_Sdram -I../Gas_Porting/Gas_Lvgl -I../Gas_Scheduler -I../Open_Src -I../Open_Src/lvgl -O0 -ffunction-sections -fdata-sections -Wall -fstack-usage -fcyclomatic-complexity -MMD -MP -MF"Gas_Scheduler/gas_scheduler.d" -MT"Gas_Scheduler/gas_scheduler.o" --specs=nano.specs -mfpu=fpv4-sp-d16 -mfloat-abi=hard -mthumb -o "Gas_Scheduler/gas_scheduler.o"
arm-none-eabi-gcc -o "dashboard-board_CM4.elf" @"objects.list"   -mcpu=cortex-m4 -T"C:\Users\82104\Desktop\dashboard\dashboard-board\CM4\STM32H745XIHX_FLASH.ld" --specs=nosys.specs -Wl,-Map="dashboard-board_CM4.map" -Wl,--gc-sections -static --specs=nano.specs -mfpu=fpv4-sp-d16 -mfloat-abi=hard -mthumb -Wl,--start-group -lc -lm -Wl,--end-group
C:/ST/STM32CubeIDE_1.17.0/STM32CubeIDE/plugins/com.st.stm32cube.ide.mcu.externaltools.gnu-tools-for-stm32.12.3.rel1.win32_1.1.0.202410251130/tools/bin/../lib/gcc/arm-none-eabi/12.3.1/../../../../arm-none-eabi/bin/ld.exe: C:/ST/STM32CubeIDE_1.17.0/STM32CubeIDE/plugins/com.st.stm32cube.ide.mcu.externaltools.gnu-tools-for-stm32.12.3.rel1.win32_1.1.0.202410251130/tools/bin/../lib/gcc/arm-none-eabi/12.3.1/../../../../arm-none-eabi/lib/thumb/v7e-m+fp/hard\libc_nano.a(libc_a-gettimeofdayr.o): in function `_gettimeofday_r':
(.text._gettimeofday_r+0xe): warning: _gettimeofday is not implemented and will always fail
Finished building target: dashboard-board_CM4.elf
 
arm-none-eabi-size  dashboard-board_CM4.elf 
arm-none-eabi-objdump -h -S dashboard-board_CM4.elf  > "dashboard-board_CM4.list"
   text	   data	    bss	    dec	    hex	filename
 303572	    320	   3616	 307508	  4b134	dashboard-board_CM4.elf
Finished building: default.size.stdout
 
Finished building: dashboard-board_CM4.list
 
09:28:47 **** Incremental Build of configuration Debug for project dashboard-board_CM7 ****
make -j16 all 
arm-none-eabi-size  dashboard-board_CM7.elf 
   text	   data	    bss	    dec	    hex	filename
   8420	     16	   1680	  10116	   2784	dashboard-board_CM7.elf
Finished building: default.size.stdout
 
09:29:03 **** Incremental Build of configuration Debug for project dashboard-board_CM4 ****
make -j16 all 
arm-none-eabi-size  dashboard-board_CM4.elf 
   text	   data	    bss	    dec	    hex	filename
 303572	    320	   3616	 307508	  4b134	dashboard-board_CM4.elf
Finished building: default.size.stdout
 
